  Determining projects to restore...
  All projects are up-to-date for restore.
C:\Users\Evan\OneDrive\Desktop\IT15 Project\MobileOpsConnect\MobileOpsConnect\Views\Shared\_Pagination.cshtml(33,18): error RZ1010: Unexpected "{" after "@" character. Once inside the body of a code block (@if {}, @{}, etc.) you do not need to use "@{" to switch to code. [C:\Users\Evan\OneDrive\Desktop\IT15 Project\MobileOpsConnect\MobileOpsConnect\MobileOpsConnect.csproj]
C:\Users\Evan\OneDrive\Desktop\IT15 Project\MobileOpsConnect\MobileOpsConnect\Views\Shared\_Pagination.cshtml(61,18): error RZ1010: Unexpected "{" after "@" character. Once inside the body of a code block (@if {}, @{}, etc.) you do not need to use "@{" to switch to code. [C:\Users\Evan\OneDrive\Desktop\IT15 Project\MobileOpsConnect\MobileOpsConnect\MobileOpsConnect.csproj]
C:\Users\Evan\OneDrive\Desktop\IT15 Project\MobileOpsConnect\MobileOpsConnect\Views\Warehouse\Index.cshtml(7,28): warning CS8600: Converting null literal or possible null value to non-nullable type. [C:\Users\Evan\OneDrive\Desktop\IT15 Project\MobileOpsConnect\MobileOpsConnect\MobileOpsConnect.csproj]
C:\Users\Evan\OneDrive\Desktop\IT15 Project\MobileOpsConnect\MobileOpsConnect\Controllers\UsersController.cs(324,64): warning CS8604: Possible null reference argument for parameter 'user' in 'Task<IList<string>> UserManager<IdentityUser>.GetRolesAsync(IdentityUser user)'. [C:\Users\Evan\OneDrive\Desktop\IT15 Project\MobileOpsConnect\MobileOpsConnect\MobileOpsConnect.csproj]
C:\Users\Evan\OneDrive\Desktop\IT15 Project\MobileOpsConnect\MobileOpsConnect\Controllers\LeaveRequestsController.cs(151,60): warning CS8604: Possible null reference argument for parameter 'user' in 'Task<IList<string>> UserManager<IdentityUser>.GetRolesAsync(IdentityUser user)'. [C:\Users\Evan\OneDrive\Desktop\IT15 Project\MobileOpsConnect\MobileOpsConnect\MobileOpsConnect.csproj]
C:\Users\Evan\OneDrive\Desktop\IT15 Project\MobileOpsConnect\MobileOpsConnect\Areas\Identity\Pages\Account\Manage\_ManageNav.cshtml(4,72): warning CS8604: Possible null reference argument for parameter 'user' in 'Task<bool> UserManager<IdentityUser>.HasPasswordAsync(IdentityUser user)'. [C:\Users\Evan\OneDrive\Desktop\IT15 Project\MobileOpsConnect\MobileOpsConnect\MobileOpsConnect.csproj]
C:\Users\Evan\OneDrive\Desktop\IT15 Project\MobileOpsConnect\MobileOpsConnect\Controllers\LeaveRequestsController.cs(367,73): warning CS8604: Possible null reference argument for parameter 'user' in 'Task<IList<string>> UserManager<IdentityUser>.GetRolesAsync(IdentityUser user)'. [C:\Users\Evan\OneDrive\Desktop\IT15 Project\MobileOpsConnect\MobileOpsConnect\MobileOpsConnect.csproj]
C:\Users\Evan\OneDrive\Desktop\IT15 Project\MobileOpsConnect\MobileOpsConnect\Controllers\LeaveRequestsController.cs(441,73): warning CS8604: Possible null reference argument for parameter 'user' in 'Task<IList<string>> UserManager<IdentityUser>.GetRolesAsync(IdentityUser user)'. [C:\Users\Evan\OneDrive\Desktop\IT15 Project\MobileOpsConnect\MobileOpsConnect\MobileOpsConnect.csproj]
C:\Users\Evan\OneDrive\Desktop\IT15 Project\MobileOpsConnect\MobileOpsConnect\Controllers\LeaveRequestsController.cs(530,60): warning CS8604: Possible null reference argument for parameter 'user' in 'Task<IList<string>> UserManager<IdentityUser>.GetRolesAsync(IdentityUser user)'. [C:\Users\Evan\OneDrive\Desktop\IT15 Project\MobileOpsConnect\MobileOpsConnect\MobileOpsConnect.csproj]
C:\Users\Evan\OneDrive\Desktop\IT15 Project\MobileOpsConnect\MobileOpsConnect\Views\Products\Index.cshtml(24,45): error CS0103: The name 'totalProducts' does not exist in the current context [C:\Users\Evan\OneDrive\Desktop\IT15 Project\MobileOpsConnect\MobileOpsConnect\MobileOpsConnect.csproj]
C:\Users\Evan\OneDrive\Desktop\IT15 Project\MobileOpsConnect\MobileOpsConnect\Views\Shared\_Pagination.cshtml(15,30): warning CS8601: Possible null reference assignment. [C:\Users\Evan\OneDrive\Desktop\IT15 Project\MobileOpsConnect\MobileOpsConnect\MobileOpsConnect.csproj]
C:\Users\Evan\OneDrive\Desktop\IT15 Project\MobileOpsConnect\MobileOpsConnect\Controllers\LeaveRequestsController.cs(559,60): warning CS8604: Possible null reference argument for parameter 'user' in 'Task<IList<string>> UserManager<IdentityUser>.GetRolesAsync(IdentityUser user)'. [C:\Users\Evan\OneDrive\Desktop\IT15 Project\MobileOpsConnect\MobileOpsConnect\MobileOpsConnect.csproj]

Build FAILED.

C:\Users\Evan\OneDrive\Desktop\IT15 Project\MobileOpsConnect\MobileOpsConnect\Views\Warehouse\Index.cshtml(7,28): warning CS8600: Converting null literal or possible null value to non-nullable type. [C:\Users\Evan\OneDrive\Desktop\IT15 Project\MobileOpsConnect\MobileOpsConnect\MobileOpsConnect.csproj]
C:\Users\Evan\OneDrive\Desktop\IT15 Project\MobileOpsConnect\MobileOpsConnect\Controllers\UsersController.cs(324,64): warning CS8604: Possible null reference argument for parameter 'user' in 'Task<IList<string>> UserManager<IdentityUser>.GetRolesAsync(IdentityUser user)'. [C:\Users\Evan\OneDrive\Desktop\IT15 Project\MobileOpsConnect\MobileOpsConnect\MobileOpsConnect.csproj]
C:\Users\Evan\OneDrive\Desktop\IT15 Project\MobileOpsConnect\MobileOpsConnect\Controllers\LeaveRequestsController.cs(151,60): warning CS8604: Possible null reference argument for parameter 'user' in 'Task<IList<string>> UserManager<IdentityUser>.GetRolesAsync(IdentityUser user)'. [C:\Users\Evan\OneDrive\Desktop\IT15 Project\MobileOpsConnect\MobileOpsConnect\MobileOpsConnect.csproj]
C:\Users\Evan\OneDrive\Desktop\IT15 Project\MobileOpsConnect\MobileOpsConnect\Areas\Identity\Pages\Account\Manage\_ManageNav.cshtml(4,72): warning CS8604: Possible null reference argument for parameter 'user' in 'Task<bool> UserManager<IdentityUser>.HasPasswordAsync(IdentityUser user)'. [C:\Users\Evan\OneDrive\Desktop\IT15 Project\MobileOpsConnect\MobileOpsConnect\MobileOpsConnect.csproj]
C:\Users\Evan\OneDrive\Desktop\IT15 Project\MobileOpsConnect\MobileOpsConnect\Controllers\LeaveRequestsController.cs(367,73): warning CS8604: Possible null reference argument for parameter 'user' in 'Task<IList<string>> UserManager<IdentityUser>.GetRolesAsync(IdentityUser user)'. [C:\Users\Evan\OneDrive\Desktop\IT15 Project\MobileOpsConnect\MobileOpsConnect\MobileOpsConnect.csproj]
C:\Users\Evan\OneDrive\Desktop\IT15 Project\MobileOpsConnect\MobileOpsConnect\Controllers\LeaveRequestsController.cs(441,73): warning CS8604: Possible null reference argument for parameter 'user' in 'Task<IList<string>> UserManager<IdentityUser>.GetRolesAsync(IdentityUser user)'. [C:\Users\Evan\OneDrive\Desktop\IT15 Project\MobileOpsConnect\MobileOpsConnect\MobileOpsConnect.csproj]
C:\Users\Evan\OneDrive\Desktop\IT15 Project\MobileOpsConnect\MobileOpsConnect\Controllers\LeaveRequestsController.cs(530,60): warning CS8604: Possible null reference argument for parameter 'user' in 'Task<IList<string>> UserManager<IdentityUser>.GetRolesAsync(IdentityUser user)'. [C:\Users\Evan\OneDrive\Desktop\IT15 Project\MobileOpsConnect\MobileOpsConnect\MobileOpsConnect.csproj]
C:\Users\Evan\OneDrive\Desktop\IT15 Project\MobileOpsConnect\MobileOpsConnect\Views\Shared\_Pagination.cshtml(15,30): warning CS8601: Possible null reference assignment. [C:\Users\Evan\OneDrive\Desktop\IT15 Project\MobileOpsConnect\MobileOpsConnect\MobileOpsConnect.csproj]
C:\Users\Evan\OneDrive\Desktop\IT15 Project\MobileOpsConnect\MobileOpsConnect\Controllers\LeaveRequestsController.cs(559,60): warning CS8604: Possible null reference argument for parameter 'user' in 'Task<IList<string>> UserManager<IdentityUser>.GetRolesAsync(IdentityUser user)'. [C:\Users\Evan\OneDrive\Desktop\IT15 Project\MobileOpsConnect\MobileOpsConnect\MobileOpsConnect.csproj]
C:\Users\Evan\OneDrive\Desktop\IT15 Project\MobileOpsConnect\MobileOpsConnect\Views\Shared\_Pagination.cshtml(33,18): error RZ1010: Unexpected "{" after "@" character. Once inside the body of a code block (@if {}, @{}, etc.) you do not need to use "@{" to switch to code. [C:\Users\Evan\OneDrive\Desktop\IT15 Project\MobileOpsConnect\MobileOpsConnect\MobileOpsConnect.csproj]
C:\Users\Evan\OneDrive\Desktop\IT15 Project\MobileOpsConnect\MobileOpsConnect\Views\Shared\_Pagination.cshtml(61,18): error RZ1010: Unexpected "{" after "@" character. Once inside the body of a code block (@if {}, @{}, etc.) you do not need to use "@{" to switch to code. [C:\Users\Evan\OneDrive\Desktop\IT15 Project\MobileOpsConnect\MobileOpsConnect\MobileOpsConnect.csproj]
C:\Users\Evan\OneDrive\Desktop\IT15 Project\MobileOpsConnect\MobileOpsConnect\Views\Products\Index.cshtml(24,45): error CS0103: The name 'totalProducts' does not exist in the current context [C:\Users\Evan\OneDrive\Desktop\IT15 Project\MobileOpsConnect\MobileOpsConnect\MobileOpsConnect.csproj]
    9 Warning(s)
    3 Error(s)

Time Elapsed 00:00:04.03
