  Determining projects to restore...
  All projects are up-to-date for restore.
C:\Users\Evan\OneDrive\Desktop\IT15 Project\MobileOpsConnect\MobileOpsConnect\Controllers\LeaveRequestsController.cs(163,60): warning CS8604: Possible null reference argument for parameter 'user' in 'Task<IList<string>> UserManager<IdentityUser>.GetRolesAsync(IdentityUser user)'. [C:\Users\Evan\OneDrive\Desktop\IT15 Project\MobileOpsConnect\MobileOpsConnect\MobileOpsConnect.csproj]
C:\Users\Evan\OneDrive\Desktop\IT15 Project\MobileOpsConnect\MobileOpsConnect\Areas\Identity\Pages\Account\Manage\_ManageNav.cshtml(4,72): warning CS8604: Possible null reference argument for parameter 'user' in 'Task<bool> UserManager<IdentityUser>.HasPasswordAsync(IdentityUser user)'. [C:\Users\Evan\OneDrive\Desktop\IT15 Project\MobileOpsConnect\MobileOpsConnect\MobileOpsConnect.csproj]
C:\Users\Evan\OneDrive\Desktop\IT15 Project\MobileOpsConnect\MobileOpsConnect\Views\Warehouse\Index.cshtml(7,28): warning CS8600: Converting null literal or possible null value to non-nullable type. [C:\Users\Evan\OneDrive\Desktop\IT15 Project\MobileOpsConnect\MobileOpsConnect\MobileOpsConnect.csproj]
C:\Users\Evan\OneDrive\Desktop\IT15 Project\MobileOpsConnect\MobileOpsConnect\Controllers\UsersController.cs(324,64): warning CS8604: Possible null reference argument for parameter 'user' in 'Task<IList<string>> UserManager<IdentityUser>.GetRolesAsync(IdentityUser user)'. [C:\Users\Evan\OneDrive\Desktop\IT15 Project\MobileOpsConnect\MobileOpsConnect\MobileOpsConnect.csproj]
C:\Users\Evan\OneDrive\Desktop\IT15 Project\MobileOpsConnect\MobileOpsConnect\Controllers\LeaveRequestsController.cs(379,73): warning CS8604: Possible null reference argument for parameter 'user' in 'Task<IList<string>> UserManager<IdentityUser>.GetRolesAsync(IdentityUser user)'. [C:\Users\Evan\OneDrive\Desktop\IT15 Project\MobileOpsConnect\MobileOpsConnect\MobileOpsConnect.csproj]
C:\Users\Evan\OneDrive\Desktop\IT15 Project\MobileOpsConnect\MobileOpsConnect\Controllers\LeaveRequestsController.cs(453,73): warning CS8604: Possible null reference argument for parameter 'user' in 'Task<IList<string>> UserManager<IdentityUser>.GetRolesAsync(IdentityUser user)'. [C:\Users\Evan\OneDrive\Desktop\IT15 Project\MobileOpsConnect\MobileOpsConnect\MobileOpsConnect.csproj]
C:\Users\Evan\OneDrive\Desktop\IT15 Project\MobileOpsConnect\MobileOpsConnect\Controllers\LeaveRequestsController.cs(542,60): warning CS8604: Possible null reference argument for parameter 'user' in 'Task<IList<string>> UserManager<IdentityUser>.GetRolesAsync(IdentityUser user)'. [C:\Users\Evan\OneDrive\Desktop\IT15 Project\MobileOpsConnect\MobileOpsConnect\MobileOpsConnect.csproj]
C:\Users\Evan\OneDrive\Desktop\IT15 Project\MobileOpsConnect\MobileOpsConnect\Controllers\LeaveRequestsController.cs(571,60): warning CS8604: Possible null reference argument for parameter 'user' in 'Task<IList<string>> UserManager<IdentityUser>.GetRolesAsync(IdentityUser user)'. [C:\Users\Evan\OneDrive\Desktop\IT15 Project\MobileOpsConnect\MobileOpsConnect\MobileOpsConnect.csproj]
C:\Users\Evan\OneDrive\Desktop\IT15 Project\MobileOpsConnect\MobileOpsConnect\Views\Shared\_Pagination.cshtml(15,30): warning CS8601: Possible null reference assignment. [C:\Users\Evan\OneDrive\Desktop\IT15 Project\MobileOpsConnect\MobileOpsConnect\MobileOpsConnect.csproj]
C:\Users\Evan\OneDrive\Desktop\IT15 Project\MobileOpsConnect\MobileOpsConnect\Views\LeaveRequests\Create.cshtml(145,93): error CS1061: 'DateOnly' does not contain a definition for 'Date' and no accessible extension method 'Date' accepting a first argument of type 'DateOnly' could be found (are you missing a using directive or an assembly reference?) [C:\Users\Evan\OneDrive\Desktop\IT15 Project\MobileOpsConnect\MobileOpsConnect\MobileOpsConnect.csproj]

Build FAILED.

C:\Users\Evan\OneDrive\Desktop\IT15 Project\MobileOpsConnect\MobileOpsConnect\Controllers\LeaveRequestsController.cs(163,60): warning CS8604: Possible null reference argument for parameter 'user' in 'Task<IList<string>> UserManager<IdentityUser>.GetRolesAsync(IdentityUser user)'. [C:\Users\Evan\OneDrive\Desktop\IT15 Project\MobileOpsConnect\MobileOpsConnect\MobileOpsConnect.csproj]
C:\Users\Evan\OneDrive\Desktop\IT15 Project\MobileOpsConnect\MobileOpsConnect\Areas\Identity\Pages\Account\Manage\_ManageNav.cshtml(4,72): warning CS8604: Possible null reference argument for parameter 'user' in 'Task<bool> UserManager<IdentityUser>.HasPasswordAsync(IdentityUser user)'. [C:\Users\Evan\OneDrive\Desktop\IT15 Project\MobileOpsConnect\MobileOpsConnect\MobileOpsConnect.csproj]
C:\Users\Evan\OneDrive\Desktop\IT15 Project\MobileOpsConnect\MobileOpsConnect\Views\Warehouse\Index.cshtml(7,28): warning CS8600: Converting null literal or possible null value to non-nullable type. [C:\Users\Evan\OneDrive\Desktop\IT15 Project\MobileOpsConnect\MobileOpsConnect\MobileOpsConnect.csproj]
C:\Users\Evan\OneDrive\Desktop\IT15 Project\MobileOpsConnect\MobileOpsConnect\Controllers\UsersController.cs(324,64): warning CS8604: Possible null reference argument for parameter 'user' in 'Task<IList<string>> UserManager<IdentityUser>.GetRolesAsync(IdentityUser user)'. [C:\Users\Evan\OneDrive\Desktop\IT15 Project\MobileOpsConnect\MobileOpsConnect\MobileOpsConnect.csproj]
C:\Users\Evan\OneDrive\Desktop\IT15 Project\MobileOpsConnect\MobileOpsConnect\Controllers\LeaveRequestsController.cs(379,73): warning CS8604: Possible null reference argument for parameter 'user' in 'Task<IList<string>> UserManager<IdentityUser>.GetRolesAsync(IdentityUser user)'. [C:\Users\Evan\OneDrive\Desktop\IT15 Project\MobileOpsConnect\MobileOpsConnect\MobileOpsConnect.csproj]
C:\Users\Evan\OneDrive\Desktop\IT15 Project\MobileOpsConnect\MobileOpsConnect\Controllers\LeaveRequestsController.cs(453,73): warning CS8604: Possible null reference argument for parameter 'user' in 'Task<IList<string>> UserManager<IdentityUser>.GetRolesAsync(IdentityUser user)'. [C:\Users\Evan\OneDrive\Desktop\IT15 Project\MobileOpsConnect\MobileOpsConnect\MobileOpsConnect.csproj]
C:\Users\Evan\OneDrive\Desktop\IT15 Project\MobileOpsConnect\MobileOpsConnect\Controllers\LeaveRequestsController.cs(542,60): warning CS8604: Possible null reference argument for parameter 'user' in 'Task<IList<string>> UserManager<IdentityUser>.GetRolesAsync(IdentityUser user)'. [C:\Users\Evan\OneDrive\Desktop\IT15 Project\MobileOpsConnect\MobileOpsConnect\MobileOpsConnect.csproj]
C:\Users\Evan\OneDrive\Desktop\IT15 Project\MobileOpsConnect\MobileOpsConnect\Controllers\LeaveRequestsController.cs(571,60): warning CS8604: Possible null reference argument for parameter 'user' in 'Task<IList<string>> UserManager<IdentityUser>.GetRolesAsync(IdentityUser user)'. [C:\Users\Evan\OneDrive\Desktop\IT15 Project\MobileOpsConnect\MobileOpsConnect\MobileOpsConnect.csproj]
C:\Users\Evan\OneDrive\Desktop\IT15 Project\MobileOpsConnect\MobileOpsConnect\Views\Shared\_Pagination.cshtml(15,30): warning CS8601: Possible null reference assignment. [C:\Users\Evan\OneDrive\Desktop\IT15 Project\MobileOpsConnect\MobileOpsConnect\MobileOpsConnect.csproj]
C:\Users\Evan\OneDrive\Desktop\IT15 Project\MobileOpsConnect\MobileOpsConnect\Views\LeaveRequests\Create.cshtml(145,93): error CS1061: 'DateOnly' does not contain a definition for 'Date' and no accessible extension method 'Date' accepting a first argument of type 'DateOnly' could be found (are you missing a using directive or an assembly reference?) [C:\Users\Evan\OneDrive\Desktop\IT15 Project\MobileOpsConnect\MobileOpsConnect\MobileOpsConnect.csproj]
    9 Warning(s)
    1 Error(s)

Time Elapsed 00:00:04.30
